Copyright 1986-2022 Xilinx, Inc. All Rights Reserved. Copyright 2022-2025 Advanced Micro Devices, Inc. All Rights Reserved.
---------------------------------------------------------------------------------------------------------------------------------------------
| Tool Version : Vivado v.2025.2 (win64) Build 6299465 Fri Nov 14 19:35:11 GMT 2025
| Date         : Tue May 12 15:52:05 2026
| Host         : LAPTOP-NT55AQGV running 64-bit major release  (build 9200)
| Command      : report_control_sets -verbose -file top_control_sets_placed.rpt
| Design       : top
| Device       : xc7a35t
---------------------------------------------------------------------------------------------------------------------------------------------

Control Set Information

Table of Contents
-----------------
1. Summary
2. Histogram
3. Flip-Flop Distribution
4. Detailed Control Set Information

1. Summary
----------

+----------------------------------------------------------+-------+
|                          Status                          | Count |
+----------------------------------------------------------+-------+
| Total control sets                                       |    23 |
|    Minimum number of control sets                        |    23 |
|    Addition due to synthesis replication                 |     0 |
|    Addition due to physical synthesis replication        |     0 |
| Unused register locations in slices containing registers |    70 |
+----------------------------------------------------------+-------+
* Control sets can be merged at opt_design using control_set_merge or merge_equivalent_drivers
** Run report_qor_suggestions for automated merging and remapping suggestions


2. Histogram
------------

+--------------------+-------+
|       Fanout       | Count |
+--------------------+-------+
| Total control sets |    23 |
| >= 0 to < 4        |     3 |
| >= 4 to < 6        |     3 |
| >= 6 to < 8        |     2 |
| >= 8 to < 10       |     3 |
| >= 10 to < 12      |     3 |
| >= 12 to < 14      |     1 |
| >= 14 to < 16      |     2 |
| >= 16              |     6 |
+--------------------+-------+
* Control sets can be remapped at either synth_design or opt_design


3. Flip-Flop Distribution
-------------------------

+--------------+-----------------------+------------------------+-----------------+--------------+
| Clock Enable | Synchronous Set/Reset | Asynchronous Set/Reset | Total Registers | Total Slices |
+--------------+-----------------------+------------------------+-----------------+--------------+
| No           | No                    | No                     |              10 |            5 |
| No           | No                    | Yes                    |               2 |            1 |
| No           | Yes                   | No                     |              71 |           33 |
| Yes          | No                    | No                     |              27 |           25 |
| Yes          | No                    | Yes                    |               0 |            0 |
| Yes          | Yes                   | No                     |             172 |           62 |
+--------------+-----------------------+------------------------+-----------------+--------------+


4. Detailed Control Set Information
-----------------------------------

+----------------------+----------------------------------------+------------------------------+------------------+----------------+--------------+
|     Clock Signal     |              Enable Signal             |       Set/Reset Signal       | Slice Load Count | Bel Load Count | Bels / Slice |
+----------------------+----------------------------------------+------------------------------+------------------+----------------+--------------+
|  clk100_IBUF_BUFG    | u_init/init_done_i_1_n_0               | u_clk_wiz/sys_rst            |                1 |              1 |         1.00 |
|  u_clk_wiz/clk_25mhz |                                        | u_clk_wiz/sys_rst            |                1 |              2 |         2.00 |
|  led_OBUF_BUFG[3]    |                                        |                              |                2 |              3 |         1.50 |
|  clk100_IBUF_BUFG    | u_init/FSM_sequential_state[3]_i_1_n_0 | u_clk_wiz/sys_rst            |                1 |              4 |         4.00 |
|  clk100_IBUF_BUFG    | u_sccb/FSM_sequential_state[3]_i_2_n_0 | u_clk_wiz/sys_rst            |                3 |              4 |         1.33 |
|  clk100_IBUF_BUFG    | u_sccb/bit_count[3]_i_1_n_0            | u_clk_wiz/sys_rst            |                2 |              4 |         2.00 |
|  clk100_IBUF_BUFG    | u_init/reg_index[6]_i_1_n_0            | u_clk_wiz/sys_rst            |                2 |              7 |         3.50 |
|  clk100_IBUF_BUFG    | u_sccb/shift_reg[6]_i_1_n_0            | u_clk_wiz/sys_rst            |                2 |              7 |         3.50 |
|  led_OBUF_BUFG[3]    | u_capture/x[0]                         | u_capture/clear              |                2 |              8 |         4.00 |
|  clk100_IBUF_BUFG    |                                        | u_clk_wiz/sys_rst            |                4 |              9 |         2.25 |
|  led_OBUF_BUFG[3]    | u_capture/p_0_in                       | u_capture/RSTC               |                3 |              9 |         3.00 |
|  u_clk_wiz/clk_25mhz | u_vga_sync/vcount[0]                   | rst_25_sync                  |                4 |             10 |         2.50 |
|  clk100_IBUF_BUFG    | u_sccb/clk_count[9]_i_1_n_0            | u_clk_wiz/sys_rst            |                4 |             10 |         2.50 |
|  u_clk_wiz/clk_25mhz |                                        |                              |                3 |             11 |         3.67 |
|  led_OBUF_BUFG[3]    | u_capture/dout_reg[11]_i_1_n_0         |                              |               12 |             12 |         1.00 |
|  u_clk_wiz/clk_25mhz |                                        | u_vga_sync/hcount[9]_i_1_n_0 |                8 |             15 |         1.88 |
|  led_OBUF_BUFG[3]    | u_capture/d_latch[15]_i_1_n_0          |                              |               13 |             15 |         1.15 |
|  clk100_IBUF_BUFG    | u_init/sccb_addr[7]_i_1_n_0            | u_clk_wiz/sys_rst            |                4 |             16 |         4.00 |
|  clk100_IBUF_BUFG    | u_sccb/addr_reg_0[0]                   | u_clk_wiz/sys_rst            |                3 |             16 |         5.33 |
|  u_clk_wiz/clk_25mhz | u_vga_display/p_curr[11]_i_1_n_0       | rst_25_sync                  |                9 |             24 |         2.67 |
|  u_clk_wiz/clk_25mhz | u_vga_display/h_frac_d1                | rst_25_sync                  |               11 |             24 |         2.18 |
|  clk100_IBUF_BUFG    | u_init/delay_count[27]_i_1_n_0         | u_clk_wiz/sys_rst            |               11 |             28 |         2.55 |
|  u_clk_wiz/clk_25mhz |                                        | rst_25_sync                  |               21 |             47 |         2.24 |
+----------------------+----------------------------------------+------------------------------+------------------+----------------+--------------+


